\BOOKMARK [1][-]{section.1}{\376\377\000T\000h\000e\000o\000r\000e\000t\000i\000c\000a\000l\000\040\000a\000n\000d\000\040\000N\000u\000m\000e\000r\000i\000c\000a\000l\000\040\000F\000r\000a\000m\000e\000w\000o\000r\000k}{}% 1
\BOOKMARK [2][-]{subsection.1.1}{\376\377\000T\000i\000m\000e\000\040\000C\000o\000m\000p\000l\000e\000x\000i\000t\000i\000e\000s}{section.1}% 2
\BOOKMARK [2][-]{subsection.1.2}{\376\377\000S\000p\000a\000c\000e\000\040\000C\000o\000m\000p\000l\000e\000x\000i\000t\000i\000e\000s}{section.1}% 3
\BOOKMARK [2][-]{subsection.1.3}{\376\377\000E\000r\000r\000o\000r\000\040\000M\000e\000t\000r\000i\000c\000s}{section.1}% 4
\BOOKMARK [2][-]{subsection.1.4}{\376\377\000D\000a\000t\000a}{section.1}% 5
\BOOKMARK [1][-]{section.2}{\376\377\000R\000e\000s\000u\000l\000t\000s\000:\000\040\000B\000l\000a\000c\000k\000-\000S\000c\000h\000o\000l\000e\000s}{}% 6
\BOOKMARK [2][-]{subsection.2.1}{\376\377\000B\000l\000a\000c\000k\000-\000S\000c\000h\000o\000l\000e\000s\000\040\000C\000a\000l\000l}{section.2}% 7
\BOOKMARK [2][-]{subsection.2.2}{\376\377\000B\000l\000a\000c\000k\000-\000S\000c\000h\000o\000l\000e\000s\000\040\000P\000u\000t}{section.2}% 8
\BOOKMARK [2][-]{subsection.2.3}{\376\377\000A\000r\000b\000i\000t\000r\000a\000g\000e\000\040\000E\000r\000r\000o\000r}{section.2}% 9
\BOOKMARK [2][-]{subsection.2.4}{\376\377\000R\000u\000n\000t\000i\000m\000e}{section.2}% 10
\BOOKMARK [1][-]{section.3}{\376\377\000R\000e\000s\000u\000l\000t\000s\000:\000\040\000B\000l\000a\000c\000k\000-\0007\0006\000\040}{}% 11
\BOOKMARK [2][-]{subsection.3.1}{\376\377\000B\000l\000a\000c\000k\000-\0007\0006\000\040\000C\000a\000l\000l}{section.3}% 12
\BOOKMARK [2][-]{subsection.3.2}{\376\377\000B\000l\000a\000c\000k\000-\0007\0006\000\040\000P\000u\000t}{section.3}% 13
\BOOKMARK [2][-]{subsection.3.3}{\376\377\000A\000r\000b\000i\000t\000r\000a\000g\000e\000\040\000E\000r\000r\000o\000r}{section.3}% 14
\BOOKMARK [2][-]{subsection.3.4}{\376\377\000R\000u\000n\000t\000i\000m\000e}{section.3}% 15
\BOOKMARK [1][-]{section.4}{\376\377\000R\000e\000s\000u\000l\000t\000s\000:\000\040\000M\000e\000r\000t\000o\000n}{}% 16
\BOOKMARK [2][-]{subsection.4.1}{\376\377\000M\000e\000r\000t\000o\000n\000\040\000C\000a\000l\000l}{section.4}% 17
\BOOKMARK [2][-]{subsection.4.2}{\376\377\000M\000e\000r\000t\000o\000n\000\040\000P\000u\000t}{section.4}% 18
\BOOKMARK [2][-]{subsection.4.3}{\376\377\000A\000r\000b\000i\000t\000r\000a\000g\000e\000\040\000E\000r\000r\000o\000r}{section.4}% 19
\BOOKMARK [2][-]{subsection.4.4}{\376\377\000R\000u\000n\000t\000i\000m\000e}{section.4}% 20
\BOOKMARK [1][-]{section.5}{\376\377\000C\000o\000n\000c\000l\000u\000s\000i\000o\000n}{}% 21
